// Jest Snapshot v1, https://goo.gl/fbAQLP

exports[`navComponent matches snapshot 1`] = `
<DocumentFragment>
  <div
    class="header"
  >
    <header>
      <h2>
        <a
          data-testid="link"
          href="/"
        >
          <span
            aria-label="camera"
            role="img"
          >
            ðŸ“¸ Oh Snap!
          </span>
        </a>
      </h2>
      <nav>
        <ul
          class="flex-row"
        >
          <li
            class="mx-2"
          >
            <a
              data-testid="about"
              href="#about"
            >
              About me
            </a>
          </li>
          <li>
            <span>
              Contact
            </span>
          </li>
          <li
            class="mx-1"
          >
            <span>
              commercial
            </span>
          </li>
          <li
            class="mx-1"
          >
            <span>
              portraits
            </span>
          </li>
          <li
            class="mx-1"
          >
            <span>
              food
            </span>
          </li>
          <li
            class="mx-1"
          >
            <span>
              landscape
            </span>
          </li>
        </ul>
      </nav>
    </header>
  </div>
</DocumentFragment>
`;
